PuTTY-User-Key-File-2: ssh-rsaEncryption: noneComment: imported-openssh-keyPublic-Lines: 6AAAAB3NzaC1yc2EAAAABIwAAAQEA4R/MYK0+0nFLH55slvecqohO8gyq3oprzqP41WhGkNO4Xp7oB93U4QRyzqORvYd8go4KUvAptD+LbWfswy+3rnzrSVp8KLi4CfSJ1ktZoE29gNaPJAyCi/Jv9/UnQt2H23b7WGkCxXHoSXR0HsEG0zmWO26DumJ8gSDGwF4M4eUYFM2igngvpQxwNt7KSk9HBx32eMzzCjWIwecLYHDCG/pLmmKOkASmi6HEp3v1kD0YIpcPWSzFsZ8ijwEEbZcnkRNeR7Bis3O+5IV+4VLDyTGeOsg1oAbkD6scktwjhJB7s450juODryQl3fLzUsGZO9Q9KwTq3KvMFLRg/zY8xw==Private-Lines: 14AAABABm6fcHn6ewqNHikZC6CstGpLZgBcp0XIkOAdDWlhGhStfwvavmVse3Un2gSsZIA2webNGFABMQkhPaPiMXZkVXFIjRE2v1W8HYqk2jyqyhDZh1aWYB2dVHSkHQcBHyrmn97T+zYzR3hIdyCVmnqLKps+zn+AG0SkeLfLKhFQ00EBkoP9498el9cCvKCukpT2psqFyQVMdl/ZAjPCXFQnj1ZYjpGajjOQTJuDnHW8lW1IKAgnNIBVIFSBaXNM/mWPIzWZ3lokPEnf69fy6dRywMQ10qDAZo4Db1FNOFP1/bcq7dq7g3QIL0qdXBFbFKgTsMRCMgiGjm7LlgZjsov9SsAAACBAP9fPqoifeSnqRi29v68xho3ZZaUgDBf0ppk2gGelLR8zv7y/TaE54wsew68GGGSwR76RK4Q+YzKQIGji3/xeGd8ro7aO0Q0X9FVXqF+YFXhB5vB+fuSyUf5bcTP5HWXj9UvIjPly5avlXiXEB3vANGmgJCMRlKRO1O44zhwgKRTAAAAgQDhrYNCOHkcOv33te/tgyt0AggVaJNOe0hDD/l3IlqlBl0xKX02mhBf5eO3h0rLj4sbrzUFGqeVe9DvgLH9tDwuRBDGByIqQPpQUKCnaua9jVamrNPsB9Mj3h/JD30MPPXH/4SdsDrOiFspsINhkMYWan6fx5Qy0kqi2PGHJZH3PQAAAIAtnB425vzWVotM3Knl1XmiAUbIKGyCZxkyDH1i2rRO95e1gaaqzfnv6n90/472VCTcTugXXGD2lhIrxpDb2HykoYCxd2Qwb34rp3VYtLk/B1V8tIeeFAYEZLtIqJjyE3ALVooz8B1Igri7CUb48zbECBRmUyMNKH62rUkFw6WalQ==Private-MAC: 6e6f953aca7e5132e81b89dfbad68de08be2dca8
